item 1 {"docH":860,"scrollY":0,"cls":"q q-mcq","enun":"Tu ingreso sube de 100 a 150. ¿Qué le pasa a la línea?"}
item 2 {"docH":860,"scrollY":0,"cls":"q q-manip","enun":"El ingreso sube a 150. Mueve la recta a su nueva posición."}
item 3 {"docH":1240,"scrollY":0,"cls":"q q-numeric","enun":"Tu ingreso sube de 100 a 150 y los precios no cambian. ¿Cuál es el nue"}
item 4 {"docH":1580,"scrollY":380,"cls":"q q-mcq","enun":"Tu ingreso sube de 100 a 150. ¿Qué le pasa a la línea?"}
item 5 {"docH":1796,"scrollY":380,"cls":"q q-manip","enun":"El ingreso sube a 150. Mueve la recta a su nueva posición."}
item 6 {"docH":2108,"scrollY":936,"cls":"q q-numeric","enun":"Tu ingreso sube de 100 a 150 y los precios no cambian. ¿Cuál es el nue"}
item 7 {"docH":2448,"scrollY":1248,"cls":"q q-mcq","enun":"Tu ingreso sube de 100 a 150. ¿Qué le pasa a la línea?"}
item 8 {"docH":2664,"scrollY":1248,"cls":"q q-manip","enun":"El ingreso sube a 150. Mueve la recta a su nueva posición."}
item 9 {"docH":2823,"scrollY":1804,"cls":"q q-manip","enun":"El ingreso sube a 150. Mueve la recta a su nueva posición."}
item 10 {"docH":2983,"scrollY":1963,"cls":"q q-manip","enun":"El ingreso sube a 150. Mueve la recta a su nueva posición."}
item 11 {"docH":3142,"scrollY":2123,"cls":"q q-manip","enun":"El ingreso sube a 150. Mueve la recta a su nueva posición."}
item 12 {"docH":3302,"scrollY":2282,"cls":"q q-manip","enun":"El ingreso sube a 150. Mueve la recta a su nueva posición."}
item 13 {"docH":3462,"scrollY":2442,"cls":"q q-manip","enun":"El ingreso sube a 150. Mueve la recta a su nueva posición."}
item 14 {"docH":3621,"scrollY":2602,"cls":"q q-manip","enun":"El ingreso sube a 150. Mueve la recta a su nueva posición."}
item 15 {"docH":3781,"scrollY":2761,"cls":"q q-manip","enun":"El ingreso sube a 150. Mueve la recta a su nueva posición."}
item 16 {"docH":3940,"scrollY":2921,"cls":"q q-manip","enun":"El ingreso sube a 150. Mueve la recta a su nueva posición."}
item 17 {"docH":4100,"scrollY":3080,"cls":"q q-manip","enun":"El ingreso sube a 150. Mueve la recta a su nueva posición."}
item 18 {"docH":4260,"scrollY":3240,"cls":"q q-manip","enun":"El ingreso sube a 150. Mueve la recta a su nueva posición."}
item 19 {"docH":4419,"scrollY":3400,"cls":"q q-manip","enun":"El ingreso sube a 150. Mueve la recta a su nueva posición."}
item 20 {"docH":4579,"scrollY":3559,"cls":"q q-manip","enun":"El ingreso sube a 150. Mueve la recta a su nueva posición."}
item 21 {"docH":4738,"scrollY":3719,"cls":"q q-manip","enun":"El ingreso sube a 150. Mueve la recta a su nueva posición."}
item 22 {"docH":4898,"scrollY":3878,"cls":"q q-manip","enun":"El ingreso sube a 150. Mueve la recta a su nueva posición."}
item 23 {"docH":5057,"scrollY":4038,"cls":"q q-manip","enun":"El ingreso sube a 150. Mueve la recta a su nueva posición."}
item 24 {"docH":5217,"scrollY":4197,"cls":"q q-manip","enun":"El ingreso sube a 150. Mueve la recta a su nueva posición."}
item 25 {"docH":5377,"scrollY":4357,"cls":"q q-manip","enun":"El ingreso sube a 150. Mueve la recta a su nueva posición."}
item 26 {"docH":5536,"scrollY":4517,"cls":"q q-manip","enun":"El ingreso sube a 150. Mueve la recta a su nueva posición."}
item 27 {"docH":5696,"scrollY":4676,"cls":"q q-manip","enun":"El ingreso sube a 150. Mueve la recta a su nueva posición."}
item 28 {"docH":5855,"scrollY":4836,"cls":"q q-manip","enun":"El ingreso sube a 150. Mueve la recta a su nueva posición."}
item 29 {"docH":6015,"scrollY":4995,"cls":"q q-manip","enun":"El ingreso sube a 150. Mueve la recta a su nueva posición."}
item 30 {"docH":6174,"scrollY":5155,"cls":"q q-manip","enun":"El ingreso sube a 150. Mueve la recta a su nueva posición."}
item 31 {"docH":6334,"scrollY":5314,"cls":"q q-manip","enun":"El ingreso sube a 150. Mueve la recta a su nueva posición."}
item 32 {"docH":6494,"scrollY":5474,"cls":"q q-manip","enun":"El ingreso sube a 150. Mueve la recta a su nueva posición."}
item 33 {"docH":6653,"scrollY":5634,"cls":"q q-manip","enun":"El ingreso sube a 150. Mueve la recta a su nueva posición."}
item 34 {"docH":6813,"scrollY":5793,"cls":"q q-manip","enun":"El ingreso sube a 150. Mueve la recta a su nueva posición."}
item 35 {"docH":6972,"scrollY":5953,"cls":"q q-manip","enun":"El ingreso sube a 150. Mueve la recta a su nueva posición."}
item 36 {"docH":7132,"scrollY":6112,"cls":"q q-manip","enun":"El ingreso sube a 150. Mueve la recta a su nueva posición."}
item 37 {"docH":7292,"scrollY":6272,"cls":"q q-manip","enun":"El ingreso sube a 150. Mueve la recta a su nueva posición."}
item 38 {"docH":7451,"scrollY":6432,"cls":"q q-manip","enun":"El ingreso sube a 150. Mueve la recta a su nueva posición."}
item 39 {"docH":7611,"scrollY":6591,"cls":"q q-manip","enun":"El ingreso sube a 150. Mueve la recta a su nueva posición."}
item 40 {"docH":7770,"scrollY":6751,"cls":"q q-manip","enun":"El ingreso sube a 150. Mueve la recta a su nueva posición."}
FIN: {
 "docH": 7770,
 "scrollY": 6910,
 "n": 40,
 "innerH": 860,
 "lienzoTop": -6703,
 "cola": "s de la recta.\n\nListo\n\nEl ingreso sube a 150. Mueve la recta a su nueva posición.\n\nArrastra los extremos de la recta.\n\nListo\n\nEl ingreso sube a 150. Mueve la recta a su nueva posición.\n\nArrastra los extremos de la recta.\n\nListo\nNo entiendo\nOtro ejemplo\nMás despacio\n¿Por qué?\nListo, sigamos\nPreguntar"
}
